---
source: physx-sys/pxbind/tests/functions.rs
expression: mo.cpp
---
extern "C" {
}

