---
source: physx-sys/pxbind/tests/records.rs
expression: ro.size_asserts
---
using namespace physx;
#include "structgen_out.hpp"



