---
source: physx-sys/pxbind/tests/records.rs
expression: ro.size_asserts
---
using namespace physx;
#include "structgen_out.hpp"

static_assert(sizeof(physx::PxAllocatorCallback) == sizeof(physx_PxAllocatorCallback_Pod), "POD wrapper for `physx::PxAllocatorCallback` has incorrect size


