---
source: physx-sys/pxbind/tests/records.rs
expression: ro.rust_decls
---

