---
source: physx-sys/pxbind/tests/records.rs
expression: ro.structgen
---
// Automatically generated by pxbind
#include "PxPhysicsAPI.h"

using namespace physx;

#define unsafe_offsetof(st, m) ((size_t) ( (char *)&((st *)(0))->m - (char *)0 ))
#include "structgen.hpp"

int main() {
    PodStructGen sg;
    sg.finish();
}

