---
source: physx-sys/pxbind/tests/records.rs
expression: ro.size_asserts
---
using namespace physx;
#include "structgen_out.hpp"

static_assert(sizeof(physx::SupportLocal) == sizeof(physx_SupportLocal_Pod), "POD wrapper for `physx::SupportLocal` has incorrect size


