---
source: physx-sys/pxbind/tests/records.rs
expression: ro.structgen
---
// Automatically generated by pxbind
#include "PxPhysicsAPI.h"

using namespace physx;

#define unsafe_offsetof(st, m) ((size_t) ( (char *)&((st *)(0))->m - (char *)0 ))
#include "structgen.hpp"

int main() {
    PodStructGen sg;
    struct physx_PxReffyMcRefface_Pod: public physx::PxReffyMcRefface {
        static void dump_layout(PodStructGen& sg) {
            sg.begin_struct("physx_PxReffyMcRefface_Pod", "PxReffyMcRefface");
            sg.add_field("physx_PxVec3_Pod shapeSpaceCenterOfMass", "shapeSpaceCenterOfMass", "PxVec3", sizeof(physx::PxVec3), unsafe_offsetof(physx_PxReffyMcRefface_Pod, shapeSpaceCenterOfMass));
            sg.add_field("bool isIdentityScale", "isIdentityScale", "bool", sizeof(bool), unsafe_offsetof(physx_PxReffyMcRefface_Pod, isIdentityScale));
            sg.end_struct(sizeof(physx::PxReffyMcRefface));
        }
    };
    physx_PxReffyMcRefface_Pod::dump_layout(sg);

    sg.finish();
}

